
> myapp@0.1.0 build
> next build

Γû▓ Next.js 16.1.0 (Turbopack)
- Environments: .env.local

  Creating an optimized production build ...
Γ£ô Compiled successfully in 10.5s
  Running TypeScript ...
  Collecting page data using 7 workers ...
  Generating static pages using 7 workers (0/28) ...
ShippingAddressSelector loaded with API_BASE: https://horeca-backend-six.vercel.app
ShippingAddressSelector loaded with API_BASE: https://horeca-backend-six.vercel.app
User  [1mnull[22m
[1mnull[22m
User Data [1mnull[22m
InitalData [90mundefined[39m
user id in ShippingForm: hellooooo [90mundefined[39m
  Generating static pages using 7 workers (7/28) 
  Generating static pages using 7 workers (14/28) 
  Generating static pages using 7 workers (21/28) 
Γ£ô Generating static pages using 7 workers (28/28) in 894.8ms
  Finalizing page optimization ...

Route (app)
Γöî Γùï /
Γö£ Γùï /_not-found
Γö£ Γùï /about
Γö£ Γùï /become-supplier
Γö£ Γùï /cart
Γö£ Γùï /categories
Γö£ Γùï /checkout
Γö£ Γùï /contact
Γö£ Γùï /faqs
Γö£ Γùï /notifications
Γö£ Γùï /order-confirmation
Γö£ ╞Æ /orders/[id]
Γö£ Γùï /privacy
Γö£ ╞Æ /products
Γö£ ╞Æ /products/[id]
Γö£ Γùï /profile
Γö£ Γùï /register
Γö£ Γùï /return-policy
Γö£ Γùï /shipping
Γö£ Γùï /supplier
Γö£ Γùï /supplier/inventory
Γö£ Γùï /supplier/login
Γö£ Γùï /supplier/orders
Γö£ Γùï /supplier/products
Γö£ Γùï /supplier/products/new
Γö£ Γùï /supplier/profile
Γö£ Γùï /supplier/settings
Γö£ Γùï /terms
Γöö Γùï /wishlist


Γùï  (Static)   prerendered as static content
╞Æ  (Dynamic)  server-rendered on demand

